#
# There is insufficient memory for the Java Runtime Environment to continue.
# Native memory allocation (malloc) failed to allocate 32744 bytes. Error detail: Chunk::new
# Possible reasons:
#   The system is out of physical RAM or swap space
#   This process is running with CompressedOops enabled, and the Java Heap may be blocking the growth of the native heap
# Possible solutions:
#   Reduce memory load on the system
#   Increase physical memory or swap space
#   Check if swap backing store is full
#   Decrease Java heap size (-Xmx/-Xms)
#   Decrease number of Java threads
#   Decrease Java thread stack sizes (-Xss)
#   Set larger code cache with -XX:ReservedCodeCacheSize=
#   JVM is running with Unscaled Compressed Oops mode in which the Java heap is
#     placed in the first 4GB address space. The Java Heap base address is the
#     maximum limit for the native heap growth. Please use -XX:HeapBaseMinAddress
#     to set the Java Heap base and to place the Java Heap above 4GB virtual address.
# This output file may be truncated or incomplete.
#
#  Out of Memory Error (arena.cpp:168), pid=17068, tid=5068
#
# JRE version: OpenJDK Runtime Environment Temurin-21.0.10+7 (21.0.10+7) (build 21.0.10+7-LTS)
# Java VM: OpenJDK 64-Bit Server VM Temurin-21.0.10+7 (21.0.10+7-LTS, mixed mode, sharing, tiered, compressed oops, compressed class ptrs, parallel gc, windows-amd64)
# No core dump will be written. Minidumps are not enabled by default on client versions of Windows
#

---------------  S U M M A R Y ------------

Command Line: --add-modules=ALL-SYSTEM --add-opens=java.base/java.util=ALL-UNNAMED --add-opens=java.base/java.lang=ALL-UNNAMED --add-opens=java.base/sun.nio.fs=ALL-UNNAMED -Declipse.application=org.eclipse.jdt.ls.core.id1 -Dosgi.bundles.defaultStartLevel=4 -Declipse.product=org.eclipse.jdt.ls.core.product -Djava.import.generatesMetadataFilesAtProjectRoot=false -DDetectVMInstallationsJob.disabled=true -Dfile.encoding=utf8 -XX:+UseParallelGC -XX:GCTimeRatio=4 -XX:AdaptiveSizePolicyWeight=90 -Dsun.zip.disableMemoryMapping=true -Xmx2G -Xms100m -Xlog:disable -javaagent:c:\Users\audre\.vscode\extensions\redhat.java-1.54.0-win32-x64\lombok\lombok-1.18.39-4050.jar c:\Users\audre\.vscode\extensions\redhat.java-1.54.0-win32-x64\server\plugins\org.eclipse.equinox.launcher_1.7.100.v20251111-0406.jar -configuration c:\Users\audre\AppData\Roaming\Code\User\globalStorage\redhat.java\1.54.0\config_ss_win -data c:\Users\audre\AppData\Roaming\Code\User\workspaceStorage\9104b531ed339c5d3e9b8dbfb138b4b7\redhat.java\ss_ws --pipe=\\.\pipe\lsp-18ec71f95f58ba06eda894c77be3cfcd-sock

Host: 11th Gen Intel(R) Core(TM) i5-1135G7 @ 2.40GHz, 8 cores, 7G,  Windows 11 , 64 bit Build 22621 (10.0.22621.5415)
Time: Tue May  5 14:14:40 2026 Eastern Daylight Time elapsed time: 0.686353 seconds (0d 0h 0m 0s)

---------------  T H R E A D  ---------------

Current thread (0x000001da3b27cce0):  JavaThread "C1 CompilerThread0" daemon [_thread_in_native, id=5068, stack(0x000000bc07c00000,0x000000bc07d00000) (1024K)]


Current CompileTask:
C1:686  708   !   3       java.lang.String::<init> (880 bytes)

Stack: [0x000000bc07c00000,0x000000bc07d00000]
Native frames: (J=compiled Java code, j=interpreted, Vv=VM code, C=native code)
V  [jvm.dll+0x6d7a39]
V  [jvm.dll+0x8b4b26]
V  [jvm.dll+0x8b70de]
V  [jvm.dll+0x8b77c3]
V  [jvm.dll+0x284346]
V  [jvm.dll+0xc66ed]
V  [jvm.dll+0xc6c31]
V  [jvm.dll+0x1560ab]
V  [jvm.dll+0x19b690]
V  [jvm.dll+0x19a424]
V  [jvm.dll+0x19a6ea]
V  [jvm.dll+0x19c7ee]
V  [jvm.dll+0x1573b5]
V  [jvm.dll+0x156c57]
V  [jvm.dll+0x156e84]
V  [jvm.dll+0x15629c]
V  [jvm.dll+0x15802d]
V  [jvm.dll+0x25b85d]
V  [jvm.dll+0x259dea]
V  [jvm.dll+0x3f857e]
V  [jvm.dll+0x85f59d]
V  [jvm.dll+0x6d626d]
C  [ucrtbase.dll+0x29333]
C  [KERNEL32.DLL+0x1259d]
C  [ntdll.dll+0x5af78]


---------------  P R O C E S S  ---------------

Threads class SMR info:
_java_thread_list=0x000001da7dee2580, length=12, elements={
0x000001da22483f00, 0x000001da3b2683c0, 0x000001da248acaa0, 0x000001da248ae6a0,
0x000001da3b26b580, 0x000001da3b271270, 0x000001da3b276220, 0x000001da3b276bc0,
0x000001da3b27cce0, 0x000001da7dd755f0, 0x000001da7deb2200, 0x000001da7dea9a90
}

Java Threads: ( => current thread )
  0x000001da22483f00 JavaThread "main"                              [_thread_in_Java, id=8124, stack(0x000000bc07100000,0x000000bc07200000) (1024K)]
  0x000001da3b2683c0 JavaThread "Reference Handler"          daemon [_thread_blocked, id=23076, stack(0x000000bc07500000,0x000000bc07600000) (1024K)]
  0x000001da248acaa0 JavaThread "Finalizer"                  daemon [_thread_blocked, id=10064, stack(0x000000bc07600000,0x000000bc07700000) (1024K)]
  0x000001da248ae6a0 JavaThread "Signal Dispatcher"          daemon [_thread_blocked, id=18628, stack(0x000000bc07700000,0x000000bc07800000) (1024K)]
  0x000001da3b26b580 JavaThread "Attach Listener"            daemon [_thread_blocked, id=21068, stack(0x000000bc07800000,0x000000bc07900000) (1024K)]
  0x000001da3b271270 JavaThread "Service Thread"             daemon [_thread_blocked, id=23476, stack(0x000000bc07900000,0x000000bc07a00000) (1024K)]
  0x000001da3b276220 JavaThread "Monitor Deflation Thread"   daemon [_thread_blocked, id=19828, stack(0x000000bc07a00000,0x000000bc07b00000) (1024K)]
  0x000001da3b276bc0 JavaThread "C2 CompilerThread0"         daemon [_thread_in_native, id=23140, stack(0x000000bc07b00000,0x000000bc07c00000) (1024K)]
=>0x000001da3b27cce0 JavaThread "C1 CompilerThread0"         daemon [_thread_in_native, id=5068, stack(0x000000bc07c00000,0x000000bc07d00000) (1024K)]
  0x000001da7dd755f0 JavaThread "Common-Cleaner"             daemon [_thread_blocked, id=19960, stack(0x000000bc07d00000,0x000000bc07e00000) (1024K)]
  0x000001da7deb2200 JavaThread "C2 CompilerThread1"         daemon [_thread_in_native, id=9772, stack(0x000000bc07e00000,0x000000bc07f00000) (1024K)]
  0x000001da7dea9a90 JavaThread "Notification Thread"        daemon [_thread_blocked, id=21472, stack(0x000000bc07f00000,0x000000bc08000000) (1024K)]
Total: 12

Other Threads:
  0x000001da3b263850 VMThread "VM Thread"                           [id=20560, stack(0x000000bc07400000,0x000000bc07500000) (1024K)]
  0x000001da24867e50 WatcherThread "VM Periodic Task Thread"        [id=5316, stack(0x000000bc07300000,0x000000bc07400000) (1024K)]
  0x000001da2481ad70 WorkerThread "GC Thread#0"                     [id=12632, stack(0x000000bc07200000,0x000000bc07300000) (1024K)]
Total: 3

Threads with active compile tasks:
C2 CompilerThread0  708  660       4       lombok.patcher.scripts.MethodLevelPatchScript::patch (21 bytes)
C1 CompilerThread0  708  708   !   3       java.lang.String::<init> (880 bytes)
C2 CompilerThread1  708  661       4       lombok.patcher.PatchScript::classMatches (41 bytes)
Total: 3

VM state: not at safepoint (normal execution)

VM Mutex/Monitor currently owned by a thread: None

Heap address: 0x0000000080000000, size: 2048 MB, Compressed Oops mode: 32-bit

CDS archive(s) mapped at: [0x000001da3c000000-0x000001da3cba0000-0x000001da3cba0000), size 12189696, SharedBaseAddress: 0x000001da3c000000, ArchiveRelocationMode: 1.
Compressed class space mapped at: 0x000001da3d000000-0x000001da7d000000, reserved size: 1073741824
Narrow klass base: 0x000001da3c000000, Narrow klass shift: 0, Narrow klass range: 0x100000000

GC Precious Log:
 CardTable entry size: 512
 CPUs: 8 total, 8 available
 Memory: 7959M
 Large Page Support: Disabled
 NUMA Support: Disabled
 Compressed Oops: Enabled (32-bit)
 Alignments: Space 512K, Generation 512K, Heap 2M
 Heap Min Capacity: 100M
 Heap Initial Capacity: 100M
 Heap Max Capacity: 2G
 Pre-touch: Disabled
 Parallel Workers: 8

Heap:
 PSYoungGen      total 29696K, used 15037K [0x00000000d5580000, 0x00000000d7680000, 0x0000000100000000)
  eden space 25600K, 58% used [0x00000000d5580000,0x00000000d642f700,0x00000000d6e80000)
  from space 4096K, 0% used [0x00000000d7280000,0x00000000d7280000,0x00000000d7680000)
  to   space 4096K, 0% used [0x00000000d6e80000,0x00000000d6e80000,0x00000000d7280000)
 ParOldGen       total 68608K, used 0K [0x0000000080000000, 0x0000000084300000, 0x00000000d5580000)
  object space 68608K, 0% used [0x0000000080000000,0x0000000080000000,0x0000000084300000)
 Metaspace       used 2884K, committed 3072K, reserved 1114112K
  class space    used 299K, committed 384K, reserved 1048576K

Card table byte_map: [0x000001da241b0000,0x000001da245c0000] _byte_map_base: 0x000001da23db0000

Marking Bits: (ParMarkBitMap*) 0x00007ff88c4f3450
 Begin Bits: [0x000001da36ca0000, 0x000001da38ca0000)
 End Bits:   [0x000001da38ca0000, 0x000001da3aca0000)

Polling page: 0x000001da226e0000

Metaspace:

Usage:
  Non-class:      2.52 MB used.
      Class:    299.88 KB used.
       Both:      2.82 MB used.

Virtual space:
  Non-class space:       64.00 MB reserved,       2.62 MB (  4%) committed,  1 nodes.
      Class space:        1.00 GB reserved,     384.00 KB ( <1%) committed,  1 nodes.
             Both:        1.06 GB reserved,       3.00 MB ( <1%) committed. 

Chunk freelists:
   Non-Class:  11.65 MB
       Class:  15.67 MB
        Both:  27.32 MB

MaxMetaspaceSize: unlimited
CompressedClassSpaceSize: 1.00 GB
Initial GC threshold: 21.00 MB
Current GC threshold: 21.00 MB
CDS: on
 - commit_granule_bytes: 65536.
 - commit_granule_words: 8192.
 - virtual_space_node_default_size: 8388608.
 - enlarge_chunks_in_place: 1.
 - use_allocation_guard: 0.


Internal statistics:

num_allocs_failed_limit: 0.
num_arena_births: 82.
num_arena_deaths: 0.
num_vsnodes_births: 2.
num_vsnodes_deaths: 0.
num_space_committed: 48.
num_space_uncommitted: 0.
num_chunks_returned_to_freelist: 0.
num_chunks_taken_from_freelist: 104.
num_chunk_merges: 0.
num_chunk_splits: 73.
num_chunks_enlarged: 47.
num_inconsistent_stats: 0.

CodeHeap 'non-profiled nmethods': size=120000Kb used=267Kb max_used=267Kb free=119732Kb
 bounds [0x000001da2f4c0000, 0x000001da2f730000, 0x000001da369f0000]
CodeHeap 'profiled nmethods': size=120000Kb used=1045Kb max_used=1045Kb free=118954Kb
 bounds [0x000001da279f0000, 0x000001da27c60000, 0x000001da2ef20000]
CodeHeap 'non-nmethods': size=5760Kb used=1194Kb max_used=1219Kb free=4565Kb
 bounds [0x000001da2ef20000, 0x000001da2f190000, 0x000001da2f4c0000]
CodeCache: size=245760Kb, used=2506Kb, max_used=2531Kb, free=243251Kb
 total_blobs=1143, nmethods=701, adapters=349, full_count=0
Compilation: enabled, stopped_count=0, restarted_count=0

Compilation events (20 events):
Event: 0.650 Thread 0x000001da3b27cce0 nmethod 695 0x000001da27aef610 code [0x000001da27aef800, 0x000001da27aefc88]
Event: 0.650 Thread 0x000001da3b27cce0  696       3       jdk.internal.misc.Unsafe::convEndian (16 bytes)
Event: 0.650 Thread 0x000001da3b27cce0 nmethod 696 0x000001da27aefe10 code [0x000001da27aeffc0, 0x000001da27af0180]
Event: 0.650 Thread 0x000001da3b27cce0  697       3       jdk.internal.misc.Unsafe::getIntUnaligned (12 bytes)
Event: 0.650 Thread 0x000001da3b27cce0 nmethod 697 0x000001da27af0210 code [0x000001da27af03c0, 0x000001da27af0618]
Event: 0.650 Thread 0x000001da3b27cce0  699       1       java.lang.invoke.MethodHandleImpl::isCompileConstant (2 bytes)
Event: 0.650 Thread 0x000001da3b27cce0 nmethod 699 0x000001da2f502010 code [0x000001da2f5021a0, 0x000001da2f502248]
Event: 0.650 Thread 0x000001da3b27cce0  700       3       java.lang.invoke.VarHandleGuards::guard_LI_I (78 bytes)
Event: 0.652 Thread 0x000001da3b27cce0 nmethod 700 0x000001da27af0710 code [0x000001da27af0a40, 0x000001da27af2350]
Event: 0.652 Thread 0x000001da3b27cce0  701       3       java.lang.invoke.VarHandleByteArrayAsInts$ArrayHandle::get (36 bytes)
Event: 0.652 Thread 0x000001da3b27cce0 nmethod 701 0x000001da27af2b10 code [0x000001da27af2ce0, 0x000001da27af30b8]
Event: 0.652 Thread 0x000001da3b27cce0  702       3       java.lang.invoke.VarForm::getMemberName (38 bytes)
Event: 0.653 Thread 0x000001da3b27cce0 nmethod 702 0x000001da27af3290 code [0x000001da27af3460, 0x000001da27af37b0]
Event: 0.653 Thread 0x000001da3b27cce0  703       3       java.lang.invoke.VarHandleByteArrayAsInts$ArrayHandle::index (12 bytes)
Event: 0.653 Thread 0x000001da3b27cce0 nmethod 703 0x000001da27af3990 code [0x000001da27af3b40, 0x000001da27af3c88]
Event: 0.653 Thread 0x000001da3b27cce0  704       3       java.lang.invoke.VarHandle::checkAccessModeThenIsDirect (29 bytes)
Event: 0.653 Thread 0x000001da3b27cce0 nmethod 704 0x000001da27af3d90 code [0x000001da27af3fa0, 0x000001da27af4808]
Event: 0.653 Thread 0x000001da3b27cce0  705       3       java.lang.invoke.VarHandle::accessModeType (41 bytes)
Event: 0.654 Thread 0x000001da3b27cce0 nmethod 705 0x000001da27af4b10 code [0x000001da27af4d00, 0x000001da27af5430]
Event: 0.679 Thread 0x000001da3b27cce0  708   !   3       java.lang.String::<init> (880 bytes)

GC Heap History (0 events):
No events

Dll operation events (8 events):
Event: 0.011 Loaded shared library c:\Users\audre\.vscode\extensions\redhat.java-1.54.0-win32-x64\jre\21.0.10-win32-x86_64\bin\java.dll
Event: 0.109 Loaded shared library c:\Users\audre\.vscode\extensions\redhat.java-1.54.0-win32-x64\jre\21.0.10-win32-x86_64\bin\zip.dll
Event: 0.139 Loaded shared library C:\Users\audre\.vscode\extensions\redhat.java-1.54.0-win32-x64\jre\21.0.10-win32-x86_64\bin\instrument.dll
Event: 0.148 Loaded shared library C:\Users\audre\.vscode\extensions\redhat.java-1.54.0-win32-x64\jre\21.0.10-win32-x86_64\bin\net.dll
Event: 0.151 Loaded shared library C:\Users\audre\.vscode\extensions\redhat.java-1.54.0-win32-x64\jre\21.0.10-win32-x86_64\bin\nio.dll
Event: 0.156 Loaded shared library C:\Users\audre\.vscode\extensions\redhat.java-1.54.0-win32-x64\jre\21.0.10-win32-x86_64\bin\zip.dll
Event: 0.179 Loaded shared library C:\Users\audre\.vscode\extensions\redhat.java-1.54.0-win32-x64\jre\21.0.10-win32-x86_64\bin\jimage.dll
Event: 0.295 Loaded shared library c:\Users\audre\.vscode\extensions\redhat.java-1.54.0-win32-x64\jre\21.0.10-win32-x86_64\bin\verify.dll

Deoptimization events (20 events):
Event: 0.547 Thread 0x000001da22483f00 Uncommon trap: trap_request=0xffffffde fr.pc=0x000001da2f4f7ccc relative=0x000000000000012c
Event: 0.547 Thread 0x000001da22483f00 Uncommon trap: reason=class_check action=maybe_recompile pc=0x000001da2f4f7ccc method=jdk.internal.misc.Unsafe.allocateUninitializedArray(Ljava/lang/Class;I)Ljava/lang/Object; @ 51 c2
Event: 0.547 Thread 0x000001da22483f00 DEOPT PACKING pc=0x000001da2f4f7ccc sp=0x000000bc071fbaa0
Event: 0.547 Thread 0x000001da22483f00 DEOPT UNPACKING pc=0x000001da2ef76da2 sp=0x000000bc071fba18 mode 2
Event: 0.547 Thread 0x000001da22483f00 Uncommon trap: trap_request=0xffffffde fr.pc=0x000001da2f4f7ccc relative=0x000000000000012c
Event: 0.547 Thread 0x000001da22483f00 Uncommon trap: reason=class_check action=maybe_recompile pc=0x000001da2f4f7ccc method=jdk.internal.misc.Unsafe.allocateUninitializedArray(Ljava/lang/Class;I)Ljava/lang/Object; @ 51 c2
Event: 0.547 Thread 0x000001da22483f00 DEOPT PACKING pc=0x000001da2f4f7ccc sp=0x000000bc071fbae0
Event: 0.547 Thread 0x000001da22483f00 DEOPT UNPACKING pc=0x000001da2ef76da2 sp=0x000000bc071fba58 mode 2
Event: 0.550 Thread 0x000001da22483f00 Uncommon trap: trap_request=0xffffff45 fr.pc=0x000001da2f4f16ec relative=0x000000000000014c
Event: 0.550 Thread 0x000001da22483f00 Uncommon trap: reason=unstable_if action=reinterpret pc=0x000001da2f4f16ec method=jdk.internal.util.ArraysSupport.vectorizedHashCode(Ljava/lang/Object;IIII)I @ 2 c2
Event: 0.550 Thread 0x000001da22483f00 DEOPT PACKING pc=0x000001da2f4f16ec sp=0x000000bc071fca60
Event: 0.550 Thread 0x000001da22483f00 DEOPT UNPACKING pc=0x000001da2ef76da2 sp=0x000000bc071fca10 mode 2
Event: 0.561 Thread 0x000001da22483f00 Uncommon trap: trap_request=0xffffff45 fr.pc=0x000001da2f4e28f4 relative=0x00000000000000d4
Event: 0.561 Thread 0x000001da22483f00 Uncommon trap: reason=unstable_if action=reinterpret pc=0x000001da2f4e28f4 method=java.net.URI.match(CJJ)Z @ 45 c2
Event: 0.561 Thread 0x000001da22483f00 DEOPT PACKING pc=0x000001da2f4e28f4 sp=0x000000bc071fcbe0
Event: 0.561 Thread 0x000001da22483f00 DEOPT UNPACKING pc=0x000001da2ef76da2 sp=0x000000bc071fcb48 mode 2
Event: 0.632 Thread 0x000001da22483f00 Uncommon trap: trap_request=0xffffff45 fr.pc=0x000001da2f4e0224 relative=0x0000000000000184
Event: 0.632 Thread 0x000001da22483f00 Uncommon trap: reason=unstable_if action=reinterpret pc=0x000001da2f4e0224 method=java.lang.StringUTF16.compress([CI[BII)I @ 20 c2
Event: 0.632 Thread 0x000001da22483f00 DEOPT PACKING pc=0x000001da2f4e0224 sp=0x000000bc071fb870
Event: 0.632 Thread 0x000001da22483f00 DEOPT UNPACKING pc=0x000001da2ef76da2 sp=0x000000bc071fb7e0 mode 2

Classes loaded (20 events):
Event: 0.648 Loading class sun/security/provider/certpath/X509CertPath
Event: 0.648 Loading class java/security/cert/CertPath
Event: 0.648 Loading class java/security/cert/CertPath done
Event: 0.648 Loading class sun/security/provider/certpath/X509CertPath done
Event: 0.649 Loading class sun/security/timestamp/TimestampToken
Event: 0.649 Loading class sun/security/timestamp/TimestampToken done
Event: 0.649 Loading class java/security/Timestamp
Event: 0.650 Loading class java/security/Timestamp done
Event: 0.680 Loading class java/security/CodeSigner
Event: 0.680 Loading class java/security/CodeSigner done
Event: 0.680 Loading class sun/security/util/JarConstraintsParameters
Event: 0.681 Loading class sun/security/util/ConstraintsParameters
Event: 0.681 Loading class sun/security/util/ConstraintsParameters done
Event: 0.681 Loading class sun/security/util/JarConstraintsParameters done
Event: 0.681 Loading class java/security/interfaces/ECKey
Event: 0.681 Loading class java/security/interfaces/ECKey done
Event: 0.681 Loading class java/security/interfaces/XECKey
Event: 0.681 Loading class java/security/interfaces/XECKey done
Event: 0.682 Loading class sun/security/util/KeyUtil
Event: 0.685 Loading class sun/security/util/KeyUtil done

Classes unloaded (0 events):
No events

Classes redefined (0 events):
No events

Internal exceptions (12 events):
Event: 0.101 Thread 0x000001da22483f00 Exception <a 'java/lang/NoSuchMethodError'{0x00000000d57a9218}: 'void java.lang.invoke.DirectMethodHandle$Holder.invokeStatic(java.lang.Object, java.lang.Object, java.lang.Object)'> (0x00000000d57a9218) 
thrown [s\src\hotspot\share\interpreter\linkResolver.cpp, line 773]
Event: 0.171 Thread 0x000001da22483f00 Exception <a 'java/lang/NoSuchMethodError'{0x00000000d5911d28}: 'java.lang.Object java.lang.invoke.Invokers$Holder.invokeExact_MT(java.lang.Object, java.lang.Object, java.lang.Object, java.lang.Object, java.lang.Object)'> (0x00000000d5911d28) 
thrown [s\src\hotspot\share\interpreter\linkResolver.cpp, line 773]
Event: 0.222 Thread 0x000001da22483f00 Exception <a 'java/lang/NoSuchMethodError'{0x00000000d59ca210}: 'int java.lang.invoke.DirectMethodHandle$Holder.invokeSpecial(java.lang.Object, java.lang.Object, java.lang.Object, int)'> (0x00000000d59ca210) 
thrown [s\src\hotspot\share\interpreter\linkResolver.cpp, line 773]
Event: 0.225 Thread 0x000001da22483f00 Exception <a 'java/lang/NoSuchMethodError'{0x00000000d59dcbf8}: 'java.lang.Object java.lang.invoke.DirectMethodHandle$Holder.invokeStatic(java.lang.Object, java.lang.Object, java.lang.Object, java.lang.Object, int)'> (0x00000000d59dcbf8) 
thrown [s\src\hotspot\share\interpreter\linkResolver.cpp, line 773]
Event: 0.227 Thread 0x000001da22483f00 Exception <a 'java/lang/NoSuchMethodError'{0x00000000d59e8038}: 'void java.lang.invoke.DelegatingMethodHandle$Holder.reinvoke_L(java.lang.Object, java.lang.Object, java.lang.Object, int, java.lang.Object)'> (0x00000000d59e8038) 
thrown [s\src\hotspot\share\interpreter\linkResolver.cpp, line 773]
Event: 0.231 Thread 0x000001da22483f00 Exception <a 'java/lang/NoSuchMethodError'{0x00000000d59f8988}: 'int java.lang.invoke.DirectMethodHandle$Holder.invokeSpecial(java.lang.Object, java.lang.Object, java.lang.Object)'> (0x00000000d59f8988) 
thrown [s\src\hotspot\share\interpreter\linkResolver.cpp, line 773]
Event: 0.234 Thread 0x000001da22483f00 Exception <a 'java/lang/NoSuchMethodError'{0x00000000d5a04648}: 'java.lang.Object java.lang.invoke.DirectMethodHandle$Holder.invokeStatic(java.lang.Object, java.lang.Object, int)'> (0x00000000d5a04648) 
thrown [s\src\hotspot\share\interpreter\linkResolver.cpp, line 773]
Event: 0.235 Thread 0x000001da22483f00 Exception <a 'java/lang/NoSuchMethodError'{0x00000000d5a08f98}: 'void java.lang.invoke.DirectMethodHandle$Holder.invokeStatic(java.lang.Object, java.lang.Object, int, java.lang.Object)'> (0x00000000d5a08f98) 
thrown [s\src\hotspot\share\interpreter\linkResolver.cpp, line 773]
Event: 0.236 Thread 0x000001da22483f00 Exception <a 'java/lang/NoSuchMethodError'{0x00000000d5a0cb28}: 'void java.lang.invoke.DirectMethodHandle$Holder.invokeSpecial(java.lang.Object, java.lang.Object, java.lang.Object, int, java.lang.Object)'> (0x00000000d5a0cb28) 
thrown [s\src\hotspot\share\interpreter\linkResolver.cpp, line 773]
Event: 0.236 Thread 0x000001da22483f00 Exception <a 'java/lang/NoSuchMethodError'{0x00000000d5a0ff98}: 'void java.lang.invoke.DelegatingMethodHandle$Holder.delegate(java.lang.Object, java.lang.Object, int, java.lang.Object)'> (0x00000000d5a0ff98) 
thrown [s\src\hotspot\share\interpreter\linkResolver.cpp, line 773]
Event: 0.341 Thread 0x000001da22483f00 Exception <a 'java/lang/NoSuchMethodError'{0x00000000d5bcee40}: 'void java.lang.invoke.DelegatingMethodHandle$Holder.reinvoke_L(java.lang.Object, java.lang.Object, java.lang.Object, int)'> (0x00000000d5bcee40) 
thrown [s\src\hotspot\share\interpreter\linkResolver.cpp, line 773]
Event: 0.540 Thread 0x000001da22483f00 Exception <a 'java/lang/NoSuchMethodError'{0x00000000d605a820}: 'void java.lang.invoke.DirectMethodHandle$Holder.invokeVirtual(java.lang.Object, java.lang.Object)'> (0x00000000d605a820) 
thrown [s\src\hotspot\share\interpreter\linkResolver.cpp, line 773]

ZGC Phase Switch (0 events):
No events

VM Operations (4 events):
Event: 0.107 Executing non-safepoint VM operation: HandshakeAllThreads (Deoptimize)
Event: 0.107 Executing non-safepoint VM operation: HandshakeAllThreads (Deoptimize) done
Event: 0.198 Executing non-safepoint VM operation: HandshakeAllThreads (Deoptimize)
Event: 0.198 Executing non-safepoint VM operation: HandshakeAllThreads (Deoptimize) done

Memory protections (0 events):
No events

Nmethod flushes (0 events):
No events

Events (12 events):
Event: 0.026 Thread 0x000001da22483f00 Thread added: 0x000001da22483f00
Event: 0.047 Thread 0x000001da22483f00 Thread added: 0x000001da3b2683c0
Event: 0.047 Thread 0x000001da22483f00 Thread added: 0x000001da248acaa0
Event: 0.047 Thread 0x000001da22483f00 Thread added: 0x000001da248ae6a0
Event: 0.048 Thread 0x000001da22483f00 Thread added: 0x000001da3b26b580
Event: 0.048 Thread 0x000001da22483f00 Thread added: 0x000001da3b271270
Event: 0.048 Thread 0x000001da22483f00 Thread added: 0x000001da3b276220
Event: 0.048 Thread 0x000001da22483f00 Thread added: 0x000001da3b276bc0
Event: 0.049 Thread 0x000001da22483f00 Thread added: 0x000001da3b27cce0
Event: 0.143 Thread 0x000001da22483f00 Thread added: 0x000001da7dd755f0
Event: 0.287 Thread 0x000001da3b27cce0 Thread added: 0x000001da7deb2200
Event: 0.460 Thread 0x000001da22483f00 Thread added: 0x000001da7dea9a90


Dynamic libraries:
0x00007ff6164e0000 - 0x00007ff6164ee000 	c:\Users\audre\.vscode\extensions\redhat.java-1.54.0-win32-x64\jre\21.0.10-win32-x86_64\bin\java.exe
0x00007ff9275f0000 - 0x00007ff927808000 	C:\WINDOWS\SYSTEM32\ntdll.dll
0x00007ff926700000 - 0x00007ff9267c4000 	C:\WINDOWS\System32\KERNEL32.DLL
0x00007ff924e80000 - 0x00007ff925253000 	C:\WINDOWS\System32\KERNELBASE.dll
0x00007ff920300000 - 0x00007ff920397000 	C:\WINDOWS\SYSTEM32\apphelp.dll
0x00007ff924ad0000 - 0x00007ff924be1000 	C:\WINDOWS\System32\ucrtbase.dll
0x00007ff8e95c0000 - 0x00007ff8e95de000 	c:\Users\audre\.vscode\extensions\redhat.java-1.54.0-win32-x64\jre\21.0.10-win32-x86_64\bin\VCRUNTIME140.dll
0x00007ff91eae0000 - 0x00007ff91eaf8000 	c:\Users\audre\.vscode\extensions\redhat.java-1.54.0-win32-x64\jre\21.0.10-win32-x86_64\bin\jli.dll
0x00007ff926e50000 - 0x00007ff927002000 	C:\WINDOWS\System32\USER32.dll
0x00007ff924bf0000 - 0x00007ff924c16000 	C:\WINDOWS\System32\win32u.dll
0x00007ff908330000 - 0x00007ff9085cc000 	C:\WINDOWS\WinSxS\amd64_microsoft.windows.common-controls_6595b64144ccf1df_6.0.22621.6060_none_2712eda17382d24b\COMCTL32.dll
0x00007ff927350000 - 0x00007ff9273f7000 	C:\WINDOWS\System32\msvcrt.dll
0x00007ff9266c0000 - 0x00007ff9266e9000 	C:\WINDOWS\System32\GDI32.dll
0x00007ff9248f0000 - 0x00007ff924a0b000 	C:\WINDOWS\System32\gdi32full.dll
0x00007ff924de0000 - 0x00007ff924e7a000 	C:\WINDOWS\System32\msvcp_win.dll
0x00007ff926e10000 - 0x00007ff926e41000 	C:\WINDOWS\System32\IMM32.DLL
0x00007ff91ead0000 - 0x00007ff91eadc000 	c:\Users\audre\.vscode\extensions\redhat.java-1.54.0-win32-x64\jre\21.0.10-win32-x86_64\bin\vcruntime140_1.dll
0x00007ff8c31e0000 - 0x00007ff8c326d000 	c:\Users\audre\.vscode\extensions\redhat.java-1.54.0-win32-x64\jre\21.0.10-win32-x86_64\bin\msvcp140.dll
0x00007ff88b830000 - 0x00007ff88c5d1000 	c:\Users\audre\.vscode\extensions\redhat.java-1.54.0-win32-x64\jre\21.0.10-win32-x86_64\bin\server\jvm.dll
0x00007ff927400000 - 0x00007ff9274b1000 	C:\WINDOWS\System32\ADVAPI32.dll
0x00007ff9270b0000 - 0x00007ff927158000 	C:\WINDOWS\System32\sechost.dll
0x00007ff925260000 - 0x00007ff925288000 	C:\WINDOWS\System32\bcrypt.dll
0x00007ff9264e0000 - 0x00007ff9265f8000 	C:\WINDOWS\System32\RPCRT4.dll
0x00007ff927530000 - 0x00007ff9275a1000 	C:\WINDOWS\System32\WS2_32.dll
0x00007ff923fb0000 - 0x00007ff923ffd000 	C:\WINDOWS\SYSTEM32\POWRPROF.dll
0x00007ff91d0f0000 - 0x00007ff91d124000 	C:\WINDOWS\SYSTEM32\WINMM.dll
0x00007ff91c490000 - 0x00007ff91c49a000 	C:\WINDOWS\SYSTEM32\VERSION.dll
0x00007ff923f90000 - 0x00007ff923fa3000 	C:\WINDOWS\SYSTEM32\UMPDC.dll
0x00007ff9236c0000 - 0x00007ff9236d8000 	C:\WINDOWS\SYSTEM32\kernel.appcore.dll
0x00007ff91ea60000 - 0x00007ff91ea6a000 	c:\Users\audre\.vscode\extensions\redhat.java-1.54.0-win32-x64\jre\21.0.10-win32-x86_64\bin\jimage.dll
0x00007ff922000000 - 0x00007ff922233000 	C:\WINDOWS\SYSTEM32\DBGHELP.DLL
0x00007ff926140000 - 0x00007ff9264d1000 	C:\WINDOWS\System32\combase.dll
0x00007ff927270000 - 0x00007ff927348000 	C:\WINDOWS\System32\OLEAUT32.dll
0x00007ff8f0b60000 - 0x00007ff8f0b92000 	C:\WINDOWS\SYSTEM32\dbgcore.DLL
0x00007ff924d60000 - 0x00007ff924ddb000 	C:\WINDOWS\System32\bcryptPrimitives.dll
0x00007ff91b080000 - 0x00007ff91b08f000 	c:\Users\audre\.vscode\extensions\redhat.java-1.54.0-win32-x64\jre\21.0.10-win32-x86_64\bin\instrument.dll
0x00007ff8e9470000 - 0x00007ff8e9490000 	c:\Users\audre\.vscode\extensions\redhat.java-1.54.0-win32-x64\jre\21.0.10-win32-x86_64\bin\java.dll
0x00007ff9253f0000 - 0x00007ff925c8c000 	C:\WINDOWS\System32\SHELL32.dll
0x00007ff924c20000 - 0x00007ff924d5f000 	C:\WINDOWS\System32\wintypes.dll
0x00007ff9225b0000 - 0x00007ff922eca000 	C:\WINDOWS\SYSTEM32\windows.storage.dll
0x00007ff9267e0000 - 0x00007ff9268e4000 	C:\WINDOWS\System32\SHCORE.dll
0x00007ff926650000 - 0x00007ff9266b9000 	C:\WINDOWS\System32\shlwapi.dll
0x00007ff924630000 - 0x00007ff924655000 	C:\WINDOWS\SYSTEM32\profapi.dll
0x00007ff8e7be0000 - 0x00007ff8e7bf8000 	c:\Users\audre\.vscode\extensions\redhat.java-1.54.0-win32-x64\jre\21.0.10-win32-x86_64\bin\zip.dll
0x00007ff9159c0000 - 0x00007ff9159d0000 	C:\Users\audre\.vscode\extensions\redhat.java-1.54.0-win32-x64\jre\21.0.10-win32-x86_64\bin\net.dll
0x00007ff9201a0000 - 0x00007ff9202cc000 	C:\WINDOWS\SYSTEM32\WINHTTP.dll
0x00007ff923bc0000 - 0x00007ff923c29000 	C:\WINDOWS\system32\mswsock.dll
0x00007ff8e5ee0000 - 0x00007ff8e5ef6000 	C:\Users\audre\.vscode\extensions\redhat.java-1.54.0-win32-x64\jre\21.0.10-win32-x86_64\bin\nio.dll
0x00007ff915780000 - 0x00007ff915790000 	c:\Users\audre\.vscode\extensions\redhat.java-1.54.0-win32-x64\jre\21.0.10-win32-x86_64\bin\verify.dll

JVMTI agents:
c:\Users\audre\.vscode\extensions\redhat.java-1.54.0-win32-x64\lombok\lombok-1.18.39-4050.jar path:c:\Users\audre\.vscode\extensions\redhat.java-1.54.0-win32-x64\jre\21.0.10-win32-x86_64\bin\instrument.dll, loaded, initialized, instrumentlib options:none

dbghelp: loaded successfully - version: 4.0.5 - missing functions: none
symbol engine: initialized successfully - sym options: 0x614 - pdb path: .;c:\Users\audre\.vscode\extensions\redhat.java-1.54.0-win32-x64\jre\21.0.10-win32-x86_64\bin;C:\WINDOWS\SYSTEM32;C:\WINDOWS\WinSxS\amd64_microsoft.windows.common-controls_6595b64144ccf1df_6.0.22621.6060_none_2712eda17382d24b;c:\Users\audre\.vscode\extensions\redhat.java-1.54.0-win32-x64\jre\21.0.10-win32-x86_64\bin\server

VM Arguments:
jvm_args: --add-modules=ALL-SYSTEM --add-opens=java.base/java.util=ALL-UNNAMED --add-opens=java.base/java.lang=ALL-UNNAMED --add-opens=java.base/sun.nio.fs=ALL-UNNAMED -Declipse.application=org.eclipse.jdt.ls.core.id1 -Dosgi.bundles.defaultStartLevel=4 -Declipse.product=org.eclipse.jdt.ls.core.product -Djava.import.generatesMetadataFilesAtProjectRoot=false -DDetectVMInstallationsJob.disabled=true -Dfile.encoding=utf8 -XX:+UseParallelGC -XX:GCTimeRatio=4 -XX:AdaptiveSizePolicyWeight=90 -Dsun.zip.disableMemoryMapping=true -Xmx2G -Xms100m -Xlog:disable -javaagent:c:\Users\audre\.vscode\extensions\redhat.java-1.54.0-win32-x64\lombok\lombok-1.18.39-4050.jar 
java_command: c:\Users\audre\.vscode\extensions\redhat.java-1.54.0-win32-x64\server\plugins\org.eclipse.equinox.launcher_1.7.100.v20251111-0406.jar -configuration c:\Users\audre\AppData\Roaming\Code\User\globalStorage\redhat.java\1.54.0\config_ss_win -data c:\Users\audre\AppData\Roaming\Code\User\workspaceStorage\9104b531ed339c5d3e9b8dbfb138b4b7\redhat.java\ss_ws --pipe=\\.\pipe\lsp-18ec71f95f58ba06eda894c77be3cfcd-sock
java_class_path (initial): c:\Users\audre\.vscode\extensions\redhat.java-1.54.0-win32-x64\server\plugins\org.eclipse.equinox.launcher_1.7.100.v20251111-0406.jar
Launcher Type: SUN_STANDARD

[Global flags]
    uintx AdaptiveSizePolicyWeight                 = 90                                        {product} {command line}
     intx CICompilerCount                          = 4                                         {product} {ergonomic}
    uintx GCTimeRatio                              = 4                                         {product} {command line}
   size_t InitialHeapSize                          = 104857600                                 {product} {command line}
   size_t MaxHeapSize                              = 2147483648                                {product} {command line}
   size_t MaxNewSize                               = 715653120                                 {product} {ergonomic}
   size_t MinHeapDeltaBytes                        = 524288                                    {product} {ergonomic}
   size_t MinHeapSize                              = 104857600                                 {product} {command line}
   size_t NewSize                                  = 34603008                                  {product} {ergonomic}
    uintx NonNMethodCodeHeapSize                   = 5839372                                {pd product} {ergonomic}
    uintx NonProfiledCodeHeapSize                  = 122909434                              {pd product} {ergonomic}
   size_t OldSize                                  = 70254592                                  {product} {ergonomic}
    uintx ProfiledCodeHeapSize                     = 122909434                              {pd product} {ergonomic}
    uintx ReservedCodeCacheSize                    = 251658240                              {pd product} {ergonomic}
     bool SegmentedCodeCache                       = true                                      {product} {ergonomic}
   size_t SoftMaxHeapSize                          = 2147483648                             {manageable} {ergonomic}
     bool UseCompressedOops                        = true                           {product lp64_product} {ergonomic}
     bool UseLargePagesIndividualAllocation        = false                                  {pd product} {ergonomic}
     bool UseParallelGC                            = true                                      {product} {command line}

Logging:
Log output configuration:
 #0: stdout all=off uptime,level,tags foldmultilines=false
 #1: stderr all=off uptime,level,tags foldmultilines=false

Release file:
JAVA_VERSION="21.0.10" 
MODULES="java.base java.compiler java.datatransfer java.xml java.prefs java.desktop java.instrument java.logging java.management java.security.sasl java.naming java.rmi java.management.rmi java.net.http java.scripting java.security.jgss java.transaction.xa java.sql java.sql.rowset java.xml.crypto java.se java.smartcardio jdk.accessibility jdk.internal.jvmstat jdk.attach jdk.charsets jdk.internal.opt jdk.zipfs jdk.compiler jdk.crypto.ec jdk.crypto.cryptoki jdk.crypto.mscapi jdk.dynalink jdk.internal.ed jdk.editpad jdk.hotspot.agent jdk.httpserver jdk.internal.le jdk.internal.vm.ci jdk.internal.vm.compiler jdk.internal.vm.compiler.management jdk.jartool jdk.javadoc jdk.jcmd jdk.management jdk.management.agent jdk.jconsole jdk.jdeps jdk.jdwp.agent jdk.jdi jdk.jfr jdk.jshell jdk.jsobject jdk.jstatd jdk.localedata jdk.management.jfr jdk.naming.dns jdk.naming.rmi jdk.net jdk.nio.mapmode jdk.random jdk.sctp jdk.security.auth jdk.security.jgss jdk.unsupported jdk.unsupported.desktop jdk.xml.dom" 

Environment Variables:
PATH=C:\Users\audre\AppData\Local\Programs\Microsoft VS Code;C:\Python314\Scripts\;C:\Python314\;C:\Program Files\Eclipse Adoptium\jdk-21.0.7.6-hotspot\bin;C:\Program Files\Common Files\Oracle\Java\javapath;C:\Users\audre\AppData\Local\Programs\Python\Python311;C:\Program Files\Microsoft\jdk-11.0.16.101-hotspot\bin;C:\WINDOWS\system32;C:\WINDOWS;C:\WINDOWS\System32\Wbem;C:\WINDOWS\System32\WindowsPowerShell\v1.0\;C:\WINDOWS\System32\OpenSSH\;C:\Program Files\Git\cmd;C:\Program Files (x86)\GitExtensions\;C:\Program Files\dotnet\;C:\Program Files\Microsoft SQL Server\Client SDK\ODBC\170\Tools\Binn\;C:\Program Files\PuTTY\;c:\Program Files\nodejs\;C:\ProgramData\chocolatey\bin;C:\Program Files\Microsoft SQL Server\170\Tools\Binn\;C:\Program Files (x86)\Windows Kits\10\Windows Performance Toolkit\;C:\Users\audre\AppData\Local\Programs\Python\Python311\Scripts\;C:\Users\audre\AppData\Local\Programs\Python\Python311\;C:\Users\audre\AppData\Local\Microsoft\WindowsApps;C:\Users\audre\AppData\Local\Programs\Microsoft VS Code\bin;C:\Users\audre\.dotnet\tools;C:\Users\audre\AppData\Local\Programs\Python\Python311;C:\Users\audre\AppData\Roaming\npm
USERNAME=audre
OS=Windows_NT
PROCESSOR_IDENTIFIER=Intel64 Family 6 Model 140 Stepping 1, GenuineIntel
TMP=C:\Users\audre\AppData\Local\Temp
TEMP=C:\Users\audre\AppData\Local\Temp




Periodic native trim disabled

---------------  S Y S T E M  ---------------

OS:
 Windows 11 , 64 bit Build 22621 (10.0.22621.5415)
OS uptime: 0 days 21:15 hours
Hyper-V role detected

CPU: total 8 (initial active 8) (4 cores per cpu, 2 threads per core) family 6 model 140 stepping 1 microcode 0x9a, cx8, cmov, fxsr, ht, mmx, 3dnowpref, sse, sse2, sse3, ssse3, sse4.1, sse4.2, popcnt, lzcnt, tsc, tscinvbit, avx, avx2, aes, erms, clmul, bmi1, bmi2, adx, avx512f, avx512dq, avx512cd, avx512bw, avx512vl, sha, fma, vzeroupper, avx512_vpopcntdq, avx512_vpclmulqdq, avx512_vaes, avx512_vnni, clflush, clflushopt, clwb, avx512_vbmi2, avx512_vbmi, hv, rdtscp, rdpid, fsrm, gfni, avx512_bitalg, f16c, cet_ibt, cet_ss, avx512_ifma
Processor Information for the first 8 processors :
  Max Mhz: 2419, Current Mhz: 2419, Mhz Limit: 2419

Memory: 4k page, system-wide physical 7959M (569M free)
TotalPageFile size 18111M (AvailPageFile size 134M)
current process WorkingSet (physical memory assigned to process): 63M, peak: 63M
current process commit charge ("private bytes"): 233M, peak: 233M

vm_info: OpenJDK 64-Bit Server VM (21.0.10+7-LTS) for windows-amd64 JRE (21.0.10+7-LTS), built on 2026-01-20T00:00:00Z by "admin" with MS VC++ 17.12 (VS2022)

END.
